ssd1331.c:87:6:ssd1331_write_byte	16	static
ssd1331.c:119:6:ssd1331_draw_point	16	static
ssd1331.c:139:6:ssd1331_draw_line	56	static
ssd1331.c:165:6:ssd1331_draw_v_line	32	static
ssd1331.c:178:6:ssd1331_draw_h_line	32	static
ssd1331.c:191:6:ssd1331_draw_rect	24	static
ssd1331.c:203:6:ssd1331_fill_rect	32	static
ssd1331.c:218:6:ssd1331_draw_circle	40	static
ssd1331.c:249:6:ssd1331_display_char	32	static
ssd1331.c:282:17:_pow	24	static
ssd1331.c:291:6:ssd1331_display_num	40	static
ssd1331.c:324:6:ssd1331_display_string	32	static
ssd1331.c:346:6:ssd1331_draw_1616char	32	static
ssd1331.c:370:6:ssd1331_draw_1616GB2312	24	static
ssd1331.c:396:6:ssd1331_draw_3232LowVolt	24	static
ssd1331.c:423:6:ssd1331_draw_3232Warning	24	static
ssd1331.c:448:6:ssd1331_draw_3216char	32	static
ssd1331.c:470:6:ssd1331_draw_bitmap	24	static
ssd1331.c:489:6:ssd1331_clear_window	24	static
ssd1331.c:509:6:ssd1331_clear_screen	8	static
ssd1331.c:515:6:ssd1331_init	8	static
